// Jest Snapshot v1, https://goo.gl/fbAQLP

exports[`Snapshot of App.js 1`] = `
<div
  className="App"
/>
`;
